// Jest Snapshot v1, https://goo.gl/fbAQLP

exports[`Test Checkout tests the name 1`] = `ShallowWrapper {}`;
