// Jest Snapshot v1, https://goo.gl/fbAQLP

exports[`Test ProductCard tests the name 1`] = `ShallowWrapper {}`;
